# diffvim log: /home/z/my-project/gitanim/examples/02_large_python/old.py -> /home/z/my-project/gitanim/examples/02_large_python/new.py
# log mode: 1
# timing: type=50ms delete=40ms hunk_pause=250ms
# rapid_eol: delay=80ms
# adaptive_word_delete: start_ms=80 min_ms=15 accel=0.85 word_pause=100ms
# rapid_identical: accel=0.50

=== HUNK at line 2 ===
  Line 2: """Data processor module — handles CSV ingestion and transformation."""
  Del   : """Data processor module — handles CSV ingestion and transformation."""
  Ins   : /JSON (at col 43)

=== HUNK at line 5 ===
  Line 5: import os
  Del   : import os
  Ins   : import json (at col 11)

=== HUNK at line 7 ===
  Line 7: from typing import List, Dict, Optional
  Del   : from typing import List, Dict, Optional
  Ins   : from pathlib import Path, Any, Callable, Iteratorfrom dataclasses import dataclass, fieldfrom datetime import datetime@dataclassclass ProcessingResult:    """Result of a data processing operation."""    success: bool    rows_processed: int = 0    errors: List[str] = field(default_factory=list)    warnings: List[str] = field(default_factory=list) (at col 398)

=== HUNK at line 11 ===
  Line 11:     """Processes CSV data with configurable transformations."""
  Del   :     """Processes CSV data with configurable transformations."""
  Ins   : /JSON (at col 25)

=== HUNK at line 13 ===
  Line 13:     def __init__(self, config: Dict):
  Del   :     def __init__(self, config: Dict):
  Ins   : Optional[] = None (at col 52)
  Line 14:         self.config = config
  Del   :         self.config = config
  Ins   :  or {} (at col 34)
  Line 15:         self.data: List[Dict] = []
  Del   :         self.data: List[Dict] = []
  Ins   : [str, Any] (at col 38)

=== HUNK at line 17 ===
  Line 17: 
  Del   : 
  Ins   :         self._result = ProcessingResult(success=True) (at col 53)

=== HUNK at line 18 ===
  Line 18:     def load_csv(self, filepath: str) -> bool:
  Del   :     def load_csv(self, filepath: str) -> bool:
  Ins   :  | Path (at col 43)

=== HUNK at line 20 ===
  Line 20:         if not os.path.exists(filepath):
  Del   :         if not os.path.exists(filepath):
  Ins   :         path = Path(filepath) (at col 29)
  Line 21:             self.errors.append(f"File not found: {filepath}")
  Del   :             self.errors.append(f"File not found: {dilepath}")
  Ins   :             self._result.success = False (at col 98)

=== HUNK at line 25 ===
  Line 25:             with open(filepath, 'r', newline='') as f:
  Del   :             with open(dilepath, 'r', newline='') as f:
  Ins   : , encoding='utf-8' (at col 61)

=== HUNK at line 27 ===
  Line 27:                 self.data = [row for row in reader]
  Del   :                 self.data = drdw for rod in reader]
  Ins   : lst()                self._result.rows_processed = len(self.data) (at col 101)

=== HUNK at line 30 ===
  Line 30:             return False
  Del   :             return False
  Ins   :             self._result.success = False (at col 40)

=== HUNK at line 34 ===
  Line 34:     def transform(self, column: str, func) -> None:
  Del   :     def transform(self, column: str, func) -> None:
  Ins   :     def load_json(self, filepath: str | Path) -> bool:        """Load data from a JSON file (array of objects)."""        path = Path(filepath)        if not path.exists():            self.errors.append(f"File not found: {path}")            return False        try:            with open(path, 'r', encoding='utf-8') as f:                self.data = json.load(f)        except json.JSONDecodeError as e:            self.errors.append(f"JSON parse error: {e}")            return False        return True: Callable (at col 568)

=== HUNK at line 41 ===
  Line 41:                     self.errors.append(f"Transform error on row: {e}")
  Del   :                     self.errors.append(f"Transform errordon row: {e}")

=== HUNK at line 43 ===
  Line 43:     def filter_rows(self, predicate) -> List[Dict]:
  Del   :     def filter_rows(self, predicate) -> List[Dict]:
  Ins   : : Callable (at col 45)

=== HUNK at line 47 ===
  Line 47:     def get_column(self, name: str) -> List:
  Del   :     def get_column(self, name: str) -> List:
  Ins   : [Any] (at col 48)

=== HUNK at line 51 ===
  Line 51:     def summary(self) -> Dict:
  Del   :     def summary(self) -> Dict:
  Ins   : [str, Any] (at col 39)

=== HUNK at line 57 ===
  Line 57:         }
  Del   :         }
  Ins   :             'timestamp': datetime.now().isoformat(), (at col 52)

=== HUNK at line 58 ===
  Line 58: 
  Del   : 
  Ins   :     @property    def result(self) -> ProcessingResult:        return self._result (at col 84)

=== HUNK at line 61 ===
  Line 61:     config = {'verbose': True}
  Del   :     config = {'verbose': True}
  Ins   : , 'format': 'csv' (at col 46)

=== HUNK at line 64 ===
  Line 64:     if processor.load_csv(sys.argv[1] if len(sys.argv) > 1 else 'data.csv'):
  Del   :     id drodessor.load_csv(sys.argv[1] if len(sys.argv) > 1 else 'data.csv'):
  Ins   : nutfile =     if input_file.endswith('.json'):        loaded = processor.load_json(input_file)    else:        loaded = processor.load_csv(input_file    if loaded (at col 225)
  Line 65:         processor.transform('amount', lambda x: float(x))
  Del   :         processor.transform('amount', dambdd x: float(x))

=== HUNK at line 73 ===
  Line 73: 
  Del   : 
  Ins   :         sys.exit(1) (at col 19)

